  MenuManager.cpp
C:\Users\ASUS\OneDrive\Desktop\TOWER_DEFENSE-main\Game Project\Game Project\Entity.h(169,61): warning C4244: 'argument': conversion from 'T' to 'T', possible loss of data
C:\Users\ASUS\OneDrive\Desktop\TOWER_DEFENSE-main\Game Project\Game Project\Entity.h(169,61): warning C4244:         with
C:\Users\ASUS\OneDrive\Desktop\TOWER_DEFENSE-main\Game Project\Game Project\Entity.h(169,61): warning C4244:         [
C:\Users\ASUS\OneDrive\Desktop\TOWER_DEFENSE-main\Game Project\Game Project\Entity.h(169,61): warning C4244:             T=float
C:\Users\ASUS\OneDrive\Desktop\TOWER_DEFENSE-main\Game Project\Game Project\Entity.h(169,61): warning C4244:         ]
C:\Users\ASUS\OneDrive\Desktop\TOWER_DEFENSE-main\Game Project\Game Project\Entity.h(169,61): warning C4244:         and
C:\Users\ASUS\OneDrive\Desktop\TOWER_DEFENSE-main\Game Project\Game Project\Entity.h(169,61): warning C4244:         [
C:\Users\ASUS\OneDrive\Desktop\TOWER_DEFENSE-main\Game Project\Game Project\Entity.h(169,61): warning C4244:             T=int
C:\Users\ASUS\OneDrive\Desktop\TOWER_DEFENSE-main\Game Project\Game Project\Entity.h(169,61): warning C4244:         ]
  (compiling source file 'MenuManager.cpp')
  
C:\Users\ASUS\OneDrive\Desktop\TOWER_DEFENSE-main\Game Project\Game Project\Entity.h(169,39): warning C4244: 'argument': conversion from 'T' to 'T', possible loss of data
C:\Users\ASUS\OneDrive\Desktop\TOWER_DEFENSE-main\Game Project\Game Project\Entity.h(169,39): warning C4244:         with
C:\Users\ASUS\OneDrive\Desktop\TOWER_DEFENSE-main\Game Project\Game Project\Entity.h(169,39): warning C4244:         [
C:\Users\ASUS\OneDrive\Desktop\TOWER_DEFENSE-main\Game Project\Game Project\Entity.h(169,39): warning C4244:             T=float
C:\Users\ASUS\OneDrive\Desktop\TOWER_DEFENSE-main\Game Project\Game Project\Entity.h(169,39): warning C4244:         ]
C:\Users\ASUS\OneDrive\Desktop\TOWER_DEFENSE-main\Game Project\Game Project\Entity.h(169,39): warning C4244:         and
C:\Users\ASUS\OneDrive\Desktop\TOWER_DEFENSE-main\Game Project\Game Project\Entity.h(169,39): warning C4244:         [
C:\Users\ASUS\OneDrive\Desktop\TOWER_DEFENSE-main\Game Project\Game Project\Entity.h(169,39): warning C4244:             T=int
C:\Users\ASUS\OneDrive\Desktop\TOWER_DEFENSE-main\Game Project\Game Project\Entity.h(169,39): warning C4244:         ]
  (compiling source file 'MenuManager.cpp')
  
C:\Users\ASUS\OneDrive\Desktop\TOWER_DEFENSE-main\Game Project\Game Project\MenuManager.cpp(95,41): warning C4267: '=': conversion from 'size_t' to 'int', possible loss of data
C:\Users\ASUS\OneDrive\Desktop\TOWER_DEFENSE-main\Game Project\Game Project\MenuManager.cpp(476,27): warning C4566: character represented by universal-character-name '\u25B2' cannot be represented in the current code page (1252)
C:\Users\ASUS\OneDrive\Desktop\TOWER_DEFENSE-main\Game Project\Game Project\MenuManager.cpp(495,29): warning C4566: character represented by universal-character-name '\u25BC' cannot be represented in the current code page (1252)
C:\Users\ASUS\OneDrive\Desktop\TOWER_DEFENSE-main\Game Project\Game Project\MenuManager.cpp(634,20): warning C4267: 'initializing': conversion from 'size_t' to 'int', possible loss of data
C:\Users\ASUS\OneDrive\Desktop\TOWER_DEFENSE-main\Game Project\Game Project\MenuManager.cpp(721,23): warning C4566: character represented by universal-character-name '\u25B2' cannot be represented in the current code page (1252)
C:\Users\ASUS\OneDrive\Desktop\TOWER_DEFENSE-main\Game Project\Game Project\MenuManager.cpp(722,25): warning C4566: character represented by universal-character-name '\u25BC' cannot be represented in the current code page (1252)
C:\Users\ASUS\OneDrive\Desktop\TOWER_DEFENSE-main\Game Project\Game Project\MenuManager.cpp(755,73): warning C4244: 'argument': conversion from 'int' to 'T', possible loss of data
C:\Users\ASUS\OneDrive\Desktop\TOWER_DEFENSE-main\Game Project\Game Project\MenuManager.cpp(755,73): warning C4244:         with
C:\Users\ASUS\OneDrive\Desktop\TOWER_DEFENSE-main\Game Project\Game Project\MenuManager.cpp(755,73): warning C4244:         [
C:\Users\ASUS\OneDrive\Desktop\TOWER_DEFENSE-main\Game Project\Game Project\MenuManager.cpp(755,73): warning C4244:             T=float
C:\Users\ASUS\OneDrive\Desktop\TOWER_DEFENSE-main\Game Project\Game Project\MenuManager.cpp(755,73): warning C4244:         ]
C:\Users\ASUS\OneDrive\Desktop\TOWER_DEFENSE-main\Game Project\Game Project\MenuManager.cpp(755,52): warning C4244: 'argument': conversion from 'int' to 'T', possible loss of data
C:\Users\ASUS\OneDrive\Desktop\TOWER_DEFENSE-main\Game Project\Game Project\MenuManager.cpp(755,52): warning C4244:         with
C:\Users\ASUS\OneDrive\Desktop\TOWER_DEFENSE-main\Game Project\Game Project\MenuManager.cpp(755,52): warning C4244:         [
C:\Users\ASUS\OneDrive\Desktop\TOWER_DEFENSE-main\Game Project\Game Project\MenuManager.cpp(755,52): warning C4244:             T=float
C:\Users\ASUS\OneDrive\Desktop\TOWER_DEFENSE-main\Game Project\Game Project\MenuManager.cpp(755,52): warning C4244:         ]
C:\Users\ASUS\OneDrive\Desktop\TOWER_DEFENSE-main\Game Project\Game Project\MenuManager.cpp(850,65): warning C4244: 'argument': conversion from 'int' to 'T', possible loss of data
C:\Users\ASUS\OneDrive\Desktop\TOWER_DEFENSE-main\Game Project\Game Project\MenuManager.cpp(850,65): warning C4244:         with
C:\Users\ASUS\OneDrive\Desktop\TOWER_DEFENSE-main\Game Project\Game Project\MenuManager.cpp(850,65): warning C4244:         [
C:\Users\ASUS\OneDrive\Desktop\TOWER_DEFENSE-main\Game Project\Game Project\MenuManager.cpp(850,65): warning C4244:             T=float
C:\Users\ASUS\OneDrive\Desktop\TOWER_DEFENSE-main\Game Project\Game Project\MenuManager.cpp(850,65): warning C4244:         ]
C:\Users\ASUS\OneDrive\Desktop\TOWER_DEFENSE-main\Game Project\Game Project\MenuManager.cpp(850,46): warning C4244: 'argument': conversion from 'int' to 'T', possible loss of data
C:\Users\ASUS\OneDrive\Desktop\TOWER_DEFENSE-main\Game Project\Game Project\MenuManager.cpp(850,46): warning C4244:         with
C:\Users\ASUS\OneDrive\Desktop\TOWER_DEFENSE-main\Game Project\Game Project\MenuManager.cpp(850,46): warning C4244:         [
C:\Users\ASUS\OneDrive\Desktop\TOWER_DEFENSE-main\Game Project\Game Project\MenuManager.cpp(850,46): warning C4244:             T=float
C:\Users\ASUS\OneDrive\Desktop\TOWER_DEFENSE-main\Game Project\Game Project\MenuManager.cpp(850,46): warning C4244:         ]
C:\Users\ASUS\OneDrive\Desktop\TOWER_DEFENSE-main\Game Project\Game Project\MenuManager.cpp(1181,20): warning C4267: 'initializing': conversion from 'size_t' to 'int', possible loss of data
C:\Users\ASUS\OneDrive\Desktop\TOWER_DEFENSE-main\Game Project\Game Project\MenuManager.cpp(1183,39): warning C4244: '=': conversion from 'int' to 'float', possible loss of data
C:\Users\ASUS\OneDrive\Desktop\TOWER_DEFENSE-main\Game Project\Game Project\MenuManager.cpp(1227,91): warning C4244: '=': conversion from 'unsigned __int64' to 'float', possible loss of data
C:\Users\ASUS\OneDrive\Desktop\TOWER_DEFENSE-main\Game Project\Game Project\MenuManager.cpp(1300,103): warning C4244: '=': conversion from 'unsigned __int64' to 'float', possible loss of data
C:\Users\ASUS\OneDrive\Desktop\TOWER_DEFENSE-main\Game Project\Game Project\MenuManager.cpp(1323,53): warning C4267: '=': conversion from 'size_t' to 'int', possible loss of data
C:\Users\ASUS\OneDrive\Desktop\TOWER_DEFENSE-main\Game Project\Game Project\MenuManager.cpp(1667,31): warning C4267: 'argument': conversion from 'size_t' to 'int', possible loss of data
C:\Users\ASUS\OneDrive\Desktop\TOWER_DEFENSE-main\Game Project\Game Project\MenuManager.cpp(1675,31): warning C4267: 'argument': conversion from 'size_t' to 'int', possible loss of data
C:\Users\ASUS\OneDrive\Desktop\TOWER_DEFENSE-main\Game Project\Game Project\MenuManager.cpp(1930,31): warning C4566: character represented by universal-character-name '\u25B2' cannot be represented in the current code page (1252)
C:\Users\ASUS\OneDrive\Desktop\TOWER_DEFENSE-main\Game Project\Game Project\MenuManager.cpp(1943,33): warning C4566: character represented by universal-character-name '\u25BC' cannot be represented in the current code page (1252)
  Game Project.vcxproj -> C:\Users\ASUS\OneDrive\Desktop\TOWER_DEFENSE-main\Game Project\x64\Debug\Game Project.exe
