c:\users\asus\onedrive\desktop\tower_defense-main\game project\game project\x64\debug\vc143.pdb
c:\users\asus\onedrive\desktop\tower_defense-main\game project\game project\x64\debug\vc143.idb
c:\users\asus\onedrive\desktop\tower_defense-main\game project\game project\x64\debug\uimanager.obj
c:\users\asus\onedrive\desktop\tower_defense-main\game project\game project\x64\debug\towerselectionpanel.obj
c:\users\asus\onedrive\desktop\tower_defense-main\game project\game project\x64\debug\tileoptions.obj
c:\users\asus\onedrive\desktop\tower_defense-main\game project\game project\x64\debug\soundmanager.obj
c:\users\asus\onedrive\desktop\tower_defense-main\game project\game project\x64\debug\menumanager.obj
c:\users\asus\onedrive\desktop\tower_defense-main\game project\game project\x64\debug\mapgrid.obj
c:\users\asus\onedrive\desktop\tower_defense-main\game project\game project\x64\debug\map.obj
c:\users\asus\onedrive\desktop\tower_defense-main\game project\game project\x64\debug\main.obj
c:\users\asus\onedrive\desktop\tower_defense-main\game project\game project\x64\debug\game.obj
c:\users\asus\onedrive\desktop\tower_defense-main\game project\game project\x64\debug\entity.obj
c:\users\asus\onedrive\desktop\tower_defense-main\game project\game project\x64\debug\damagetextmanager.obj
c:\users\asus\onedrive\desktop\tower_defense-main\game project\x64\debug\game project.exe
c:\users\asus\onedrive\desktop\tower_defense-main\game project\game project\x64\debug\game project.tlog\cl.command.1.tlog
c:\users\asus\onedrive\desktop\tower_defense-main\game project\game project\x64\debug\game project.tlog\cl.read.1.tlog
c:\users\asus\onedrive\desktop\tower_defense-main\game project\game project\x64\debug\game project.tlog\cl.write.1.tlog
c:\users\asus\onedrive\desktop\tower_defense-main\game project\game project\x64\debug\game project.tlog\link.command.1.tlog
c:\users\asus\onedrive\desktop\tower_defense-main\game project\game project\x64\debug\game project.tlog\link.read.1.tlog
c:\users\asus\onedrive\desktop\tower_defense-main\game project\game project\x64\debug\game project.tlog\link.write.1.tlog
